// 同步 ID: 57013fbc @ Sat Jul 18 14:57:31 UTC 2026
// 同步 ID: 37cb014a @ Sun Jul 19 07:41:33 UTC 2026
// 重构日志: 139fc0c1
// 重构日志: f1d5f6fa
// 重构日志: be00bd16
// 重构日志: 4048466f
// 同步 ID: be7d465a @ Wed Jul 22 04:03:50 UTC 2026
// 同步 ID: a1d419b2 @ Thu Jul 23 01:10:40 UTC 2026
// 重构日志: 5bf1f871
// 重构日志: 3da35447
// 同步 ID: 07f6fb94 @ Fri Jul 24 04:48:42 UTC 2026
// 重构日志: d7e63406
// 重构日志: 96fefea0
// 重构日志: 11b72cdc
// 重构日志: f89889cf
// 重构日志: 6f64fd79
// 重构日志: c636460a
// 重构日志: 50a5b083
// 重构日志: 52b43e8d
// 重构日志: 0d58dd8d
// 重构日志: 7a1e34a3
// 重构日志: f49b3695
// 重构日志: 78a5bb8b
// 重构日志: e5dbcf07
// 重构日志: e252cf76
// 同步 ID: 509b2db9 @ Wed Jul 29 18:36:29 UTC 2026
// 同步 ID: db2bbe5c @ Thu Jul 30 05:16:16 UTC 2026
// 同步 ID: fed7e761 @ Thu Jul 30 13:21:27 UTC 2026
// 重构日志: a9685317
// 同步 ID: 58a60aa4 @ Sat Aug  1 05:41:07 UTC 2026
// 重构日志: 05759ea0
// 重构日志: 55710a98
// 重构日志: f61dd997
